// Jest Snapshot v1, https://goo.gl/fbAQLP

exports[`TodoItemRow renders correctly 1`] = `
ShallowWrapper {
  Symbol(enzyme.__root__): [Circular],
  Symbol(enzyme.__unrendered__): <TodoItemRow
    completed={false}
    date="06/18/2018 05:49:28"
    id="12345"
    onClick={[MockFunction]}
    onDelete={[MockFunction]}
    onUpdate={[MockFunction]}
    text="Learn unit testing"
  />,
  Symbol(enzyme.__renderer__): Object {
    "batchedUpdates": [Function],
    "checkPropTypes": [Function],
    "getNode": [Function],
    "render": [Function],
    "simulateError": [Function],
    "simulateEvent": [Function],
    "unmount": [Function],
  },
  Symbol(enzyme.__node__): Object {
    "instance": null,
    "key": undefined,
    "nodeType": "function",
    "props": Object {
      "completed": false,
      "date": "06/18/2018 05:49:28",
      "id": "12345",
      "onClick": [MockFunction],
      "onDelete": [MockFunction],
      "onToggleEdit": [Function],
      "onUpdate": [MockFunction],
      "text": "Learn unit testing",
    },
    "ref": null,
    "rendered": null,
    "type": [Function],
  },
  Symbol(enzyme.__nodes__): Array [
    Object {
      "instance": null,
      "key": undefined,
      "nodeType": "function",
      "props": Object {
        "completed": false,
        "date": "06/18/2018 05:49:28",
        "id": "12345",
        "onClick": [MockFunction],
        "onDelete": [MockFunction],
        "onToggleEdit": [Function],
        "onUpdate": [MockFunction],
        "text": "Learn unit testing",
      },
      "ref": null,
      "rendered": null,
      "type": [Function],
    },
  ],
  Symbol(enzyme.__options__): Object {
    "adapter": ReactSixteenAdapter {
      "options": Object {
        "enableComponentDidUpdateOnSetState": true,
        "legacyContextMode": "parent",
        "lifecycles": Object {
          "componentDidUpdate": Object {
            "onSetState": true,
          },
          "getChildContext": Object {
            "calledByRenderer": false,
          },
          "getDerivedStateFromProps": Object {
            "hasShouldComponentUpdateBug": false,
          },
          "getSnapshotBeforeUpdate": true,
          "setState": Object {
            "skipsComponentDidUpdateOnNullish": true,
          },
        },
      },
    },
  },
  Symbol(enzyme.__childContext__): null,
}
`;
